usage: train.py [-h] [--memmap_dir MEMMAP_DIR] [--prefetch PREFETCH]
                [--batch_size BATCH_SIZE] [--num_workers NUM_WORKERS]
                [--num_blocks NUM_BLOCKS] [--h_dim H_DIM]
                [--num_heads NUM_HEADS] [--att_type {sparse,dense}]
                [--num_random_blocks NUM_RANDOM_BLOCKS] [--dropout DROPOUT]
                [--permute_pairs] [--full_att_for_warmup] [--sparse_val_full]
                [--lr LR] [--weight_decay WEIGHT_DECAY]
                [--optimizer {adam,adamw,sgd}] [--criterion {mre,mse,mae}]
                [--epochs EPOCHS] [--max_steps MAX_STEPS]
                [--warmup_steps WARMUP_STEPS]
                [--grad_accum_steps GRAD_ACCUM_STEPS] [--log_every LOG_EVERY]
                [--save_every SAVE_EVERY] [--checkpoint_dir CHECKPOINT_DIR]
                [--resume RESUME] [--wandb_project WANDB_PROJECT]
                [--wandb_run_name WANDB_RUN_NAME] [--use_wandb] [--seed SEED]
train.py: error: unrecognized arguments: 27_dense_l1.log
usage: train.py [-h] [--memmap_dir MEMMAP_DIR] [--prefetch PREFETCH]
                [--batch_size BATCH_SIZE] [--num_workers NUM_WORKERS]
                [--num_blocks NUM_BLOCKS] [--h_dim H_DIM]
                [--num_heads NUM_HEADS] [--att_type {sparse,dense}]
                [--num_random_blocks NUM_RANDOM_BLOCKS] [--dropout DROPOUT]
                [--permute_pairs] [--full_att_for_warmup] [--sparse_val_full]
                [--lr LR] [--weight_decay WEIGHT_DECAY]
                [--optimizer {adam,adamw,sgd}] [--criterion {mre,mse,mae}]
                [--epochs EPOCHS] [--max_steps MAX_STEPS]
                [--warmup_steps WARMUP_STEPS]
                [--grad_accum_steps GRAD_ACCUM_STEPS] [--log_every LOG_EVERY]
                [--save_every SAVE_EVERY] [--checkpoint_dir CHECKPOINT_DIR]
                [--resume RESUME] [--wandb_project WANDB_PROJECT]
                [--wandb_run_name WANDB_RUN_NAME] [--use_wandb] [--seed SEED]
train.py: error: unrecognized arguments: 27_dense_l1.log
usage: train.py [-h] [--memmap_dir MEMMAP_DIR] [--prefetch PREFETCH]
                [--batch_size BATCH_SIZE] [--num_workers NUM_WORKERS]
                [--num_blocks NUM_BLOCKS] [--h_dim H_DIM]
                [--num_heads NUM_HEADS] [--att_type {sparse,dense}]
                [--num_random_blocks NUM_RANDOM_BLOCKS] [--dropout DROPOUT]
                [--permute_pairs] [--full_att_for_warmup] [--sparse_val_full]
                [--lr LR] [--weight_decay WEIGHT_DECAY]
                [--optimizer {adam,adamw,sgd}] [--criterion {mre,mse,mae}]
                [--epochs EPOCHS] [--max_steps MAX_STEPS]
                [--warmup_steps WARMUP_STEPS]
                [--grad_accum_steps GRAD_ACCUM_STEPS] [--log_every LOG_EVERY]
                [--save_every SAVE_EVERY] [--checkpoint_dir CHECKPOINT_DIR]
                [--resume RESUME] [--wandb_project WANDB_PROJECT]
                [--wandb_run_name WANDB_RUN_NAME] [--use_wandb] [--seed SEED]
train.py: error: unrecognized arguments: 27_dense_l1.log
